[2022-11-28T17:42:07.084+0800] Heap region size: 1M
[2022-11-28T17:42:07.084+0800] Using G1
[2022-11-28T17:42:07.084+0800] Heap address: 0x00000000ff600000, size: 10 MB, Compressed Oops mode: 32-bit
[2022-11-28T17:42:07.218+0800] GC(0) Pause Young (Concurrent Start) (G1 Humongous Allocation)
[2022-11-28T17:42:07.218+0800] GC(0) Using 2 workers of 10 for evacuation
[2022-11-28T17:42:07.220+0800] GC(0) To-space exhausted
[2022-11-28T17:42:07.221+0800] GC(0)   Pre Evacuate Collection Set: 0.0ms
[2022-11-28T17:42:07.221+0800] GC(0)   Evacuate Collection Set: 1.7ms
[2022-11-28T17:42:07.221+0800] GC(0)   Post Evacuate Collection Set: 0.9ms
[2022-11-28T17:42:07.221+0800] GC(0)   Other: 0.4ms
[2022-11-28T17:42:07.221+0800] GC(0) Eden regions: 5->0(4)
[2022-11-28T17:42:07.221+0800] GC(0) Survivor regions: 0->1(1)
[2022-11-28T17:42:07.221+0800] GC(0) Old regions: 0->5
[2022-11-28T17:42:07.221+0800] GC(0) Humongous regions: 4->2
[2022-11-28T17:42:07.221+0800] GC(0) Metaspace: 6198K(6528K)->6198K(6528K) NonClass: 5661K(5888K)->5661K(5888K) Class: 537K(640K)->537K(640K)
[2022-11-28T17:42:07.221+0800] GC(0) Pause Young (Concurrent Start) (G1 Humongous Allocation) 9M->8M(10M) 3.419ms
[2022-11-28T17:42:07.221+0800] GC(0) User=0.00s Sys=0.00s Real=0.00s
[2022-11-28T17:42:07.221+0800] GC(1) Concurrent Cycle
[2022-11-28T17:42:07.221+0800] GC(1) Concurrent Clear Claimed Marks
[2022-11-28T17:42:07.221+0800] GC(1) Concurrent Clear Claimed Marks 0.015ms
[2022-11-28T17:42:07.221+0800] GC(1) Concurrent Scan Root Regions
[2022-11-28T17:42:07.222+0800] GC(1) Concurrent Scan Root Regions 0.423ms
[2022-11-28T17:42:07.222+0800] GC(2) Pause Young (Normal) (G1 Humongous Allocation)
[2022-11-28T17:42:07.222+0800] GC(1) Concurrent Mark (0.149s)
[2022-11-28T17:42:07.222+0800] GC(2) Using 2 workers of 10 for evacuation
[2022-11-28T17:42:07.222+0800] GC(1) Concurrent Mark From Roots
[2022-11-28T17:42:07.222+0800] GC(1) Using 3 workers of 3 for marking
[2022-11-28T17:42:07.223+0800] GC(2) To-space exhausted
[2022-11-28T17:42:07.223+0800] GC(2)   Pre Evacuate Collection Set: 0.4ms
[2022-11-28T17:42:07.223+0800] GC(2)   Evacuate Collection Set: 0.9ms
[2022-11-28T17:42:07.223+0800] GC(2)   Post Evacuate Collection Set: 0.5ms
[2022-11-28T17:42:07.223+0800] GC(2)   Other: 0.1ms
[2022-11-28T17:42:07.223+0800] GC(2) Eden regions: 1->0(5)
[2022-11-28T17:42:07.223+0800] GC(2) Survivor regions: 1->0(1)
[2022-11-28T17:42:07.223+0800] GC(2) Old regions: 5->7
[2022-11-28T17:42:07.223+0800] GC(2) Humongous regions: 2->2
[2022-11-28T17:42:07.223+0800] GC(2) Metaspace: 6198K(6528K)->6198K(6528K) NonClass: 5661K(5888K)->5661K(5888K) Class: 537K(640K)->537K(640K)
[2022-11-28T17:42:07.223+0800] GC(2) Pause Young (Normal) (G1 Humongous Allocation) 8M->9M(10M) 1.669ms
[2022-11-28T17:42:07.223+0800] GC(2) User=0.00s Sys=0.00s Real=0.00s
[2022-11-28T17:42:07.223+0800] GC(3) Using 1 workers of 10 for full compaction
[2022-11-28T17:42:07.223+0800] GC(3) Pause Full (G1 Humongous Allocation)
[2022-11-28T17:42:07.224+0800] GC(3) Phase 1: Mark live objects
[2022-11-28T17:42:07.225+0800] GC(3) Cleaned string and symbol table, strings: 2591 processed, 12 removed, symbols: 25983 processed, 0 removed
[2022-11-28T17:42:07.225+0800] GC(3) Phase 1: Mark live objects 1.893ms
[2022-11-28T17:42:07.225+0800] GC(3) Phase 2: Prepare for compaction
[2022-11-28T17:42:07.226+0800] GC(3) Phase 2: Prepare for compaction 0.555ms
[2022-11-28T17:42:07.226+0800] GC(3) Phase 3: Adjust pointers
[2022-11-28T17:42:07.227+0800] GC(3) Phase 3: Adjust pointers 1.010ms
[2022-11-28T17:42:07.227+0800] GC(3) Phase 4: Compact heap
[2022-11-28T17:42:07.228+0800] GC(3) Phase 4: Compact heap 1.070ms
[2022-11-28T17:42:07.228+0800] GC(3) Eden regions: 0->0(5)
[2022-11-28T17:42:07.228+0800] GC(3) Survivor regions: 0->0(1)
[2022-11-28T17:42:07.228+0800] GC(3) Old regions: 7->4
[2022-11-28T17:42:07.228+0800] GC(3) Humongous regions: 2->2
[2022-11-28T17:42:07.228+0800] GC(3) Metaspace: 6198K(6528K)->6198K(6528K) NonClass: 5661K(5888K)->5661K(5888K) Class: 537K(640K)->537K(640K)
[2022-11-28T17:42:07.228+0800] GC(3) Pause Full (G1 Humongous Allocation) 9M->5M(10M) 5.060ms
[2022-11-28T17:42:07.229+0800] GC(3) User=0.02s Sys=0.00s Real=0.01s
[2022-11-28T17:42:07.229+0800] GC(1) Concurrent Mark From Roots 6.906ms
[2022-11-28T17:42:07.229+0800] GC(1) Concurrent Mark Abort
[2022-11-28T17:42:07.229+0800] GC(1) Concurrent Cycle 7.513ms
[2022-11-28T17:42:07.229+0800] GC(4) Pause Young (Normal) (G1 Humongous Allocation)
[2022-11-28T17:42:07.229+0800] GC(4) Using 2 workers of 10 for evacuation
[2022-11-28T17:42:07.229+0800] GC(4)   Pre Evacuate Collection Set: 0.0ms
[2022-11-28T17:42:07.229+0800] GC(4)   Evacuate Collection Set: 0.1ms
[2022-11-28T17:42:07.229+0800] GC(4)   Post Evacuate Collection Set: 0.1ms
[2022-11-28T17:42:07.229+0800] GC(4)   Other: 0.1ms
[2022-11-28T17:42:07.229+0800] GC(4) Eden regions: 1->0(4)
[2022-11-28T17:42:07.229+0800] GC(4) Survivor regions: 0->1(1)
[2022-11-28T17:42:07.229+0800] GC(4) Old regions: 4->4
[2022-11-28T17:42:07.229+0800] GC(4) Humongous regions: 4->2
[2022-11-28T17:42:07.229+0800] GC(4) Metaspace: 6199K(6528K)->6199K(6528K) NonClass: 5661K(5888K)->5661K(5888K) Class: 537K(640K)->537K(640K)
[2022-11-28T17:42:07.229+0800] GC(4) Pause Young (Normal) (G1 Humongous Allocation) 7M->5M(10M) 0.437ms
[2022-11-28T17:42:07.229+0800] GC(4) User=0.00s Sys=0.00s Real=0.00s
[2022-11-28T17:42:07.229+0800] GC(5) Using 1 workers of 10 for full compaction
[2022-11-28T17:42:07.229+0800] GC(5) Pause Full (G1 Humongous Allocation)
[2022-11-28T17:42:07.229+0800] GC(5) Phase 1: Mark live objects
[2022-11-28T17:42:07.231+0800] GC(5) Cleaned string and symbol table, strings: 2579 processed, 0 removed, symbols: 25983 processed, 0 removed
[2022-11-28T17:42:07.231+0800] GC(5) Phase 1: Mark live objects 1.977ms
[2022-11-28T17:42:07.231+0800] GC(5) Phase 2: Prepare for compaction
[2022-11-28T17:42:07.232+0800] GC(5) Phase 2: Prepare for compaction 0.341ms
[2022-11-28T17:42:07.232+0800] GC(5) Phase 3: Adjust pointers
[2022-11-28T17:42:07.233+0800] GC(5) Phase 3: Adjust pointers 0.832ms
[2022-11-28T17:42:07.233+0800] GC(5) Phase 4: Compact heap
[2022-11-28T17:42:07.233+0800] GC(5) Phase 4: Compact heap 0.624ms
[2022-11-28T17:42:07.234+0800] GC(5) Eden regions: 0->0(5)
[2022-11-28T17:42:07.234+0800] GC(5) Survivor regions: 1->0(1)
[2022-11-28T17:42:07.234+0800] GC(5) Old regions: 4->4
[2022-11-28T17:42:07.234+0800] GC(5) Humongous regions: 2->0
[2022-11-28T17:42:07.234+0800] GC(5) Metaspace: 6199K(6528K)->6199K(6528K) NonClass: 5661K(5888K)->5661K(5888K) Class: 537K(640K)->537K(640K)
[2022-11-28T17:42:07.234+0800] GC(5) Pause Full (G1 Humongous Allocation) 5M->3M(10M) 4.428ms
[2022-11-28T17:42:07.234+0800] GC(5) User=0.00s Sys=0.00s Real=0.00s
[2022-11-28T17:42:07.235+0800] Heap
[2022-11-28T17:42:07.235+0800]  garbage-first heap   total 10240K, used 6605K [0x00000000ff600000, 0x0000000100000000)
[2022-11-28T17:42:07.235+0800]   region size 1024K, 1 young (1024K), 0 survivors (0K)
[2022-11-28T17:42:07.235+0800]  Metaspace       used 6235K, capacity 6311K, committed 6528K, reserved 1056768K
[2022-11-28T17:42:07.235+0800]   class space    used 544K, capacity 570K, committed 640K, reserved 1048576K
