[0.010s][info][gc,heap] Heap region size: 1M
[0.011s][info][gc     ] Using G1
[0.011s][info][gc,heap,coops] Heap address: 0x00000000ff600000, size: 10 MB, Compressed Oops mode: 32-bit
[0.146s][info][gc,start     ] GC(0) Pause Young (Concurrent Start) (G1 Humongous Allocation)
[0.146s][info][gc,task      ] GC(0) Using 2 workers of 10 for evacuation
[0.149s][info][gc           ] GC(0) To-space exhausted
[0.149s][info][gc,phases    ] GC(0)   Pre Evacuate Collection Set: 0.0ms
[0.149s][info][gc,phases    ] GC(0)   Evacuate Collection Set: 2.0ms
[0.149s][info][gc,phases    ] GC(0)   Post Evacuate Collection Set: 0.8ms
[0.149s][info][gc,phases    ] GC(0)   Other: 0.3ms
[0.149s][info][gc,heap      ] GC(0) Eden regions: 5->0(4)
[0.150s][info][gc,heap      ] GC(0) Survivor regions: 0->1(1)
[0.150s][info][gc,heap      ] GC(0) Old regions: 0->5
[0.150s][info][gc,heap      ] GC(0) Humongous regions: 4->2
[0.150s][info][gc,metaspace ] GC(0) Metaspace: 6204K(6528K)->6204K(6528K) NonClass: 5666K(5888K)->5666K(5888K) Class: 537K(640K)->537K(640K)
[0.150s][info][gc           ] GC(0) Pause Young (Concurrent Start) (G1 Humongous Allocation) 9M->8M(10M) 3.670ms
[0.150s][info][gc,cpu       ] GC(0) User=0.00s Sys=0.00s Real=0.00s
[0.150s][info][gc           ] GC(1) Concurrent Cycle
[0.150s][info][gc,marking   ] GC(1) Concurrent Clear Claimed Marks
[0.150s][info][gc,marking   ] GC(1) Concurrent Clear Claimed Marks 0.013ms
[0.150s][info][gc,marking   ] GC(1) Concurrent Scan Root Regions
[0.150s][info][gc,marking   ] GC(1) Concurrent Scan Root Regions 0.376ms
[0.150s][info][gc,start     ] GC(2) Pause Young (Normal) (G1 Humongous Allocation)
[0.150s][info][gc,marking   ] GC(1) Concurrent Mark (0.150s)
[0.150s][info][gc,task      ] GC(2) Using 2 workers of 10 for evacuation
[0.150s][info][gc,marking   ] GC(1) Concurrent Mark From Roots
[0.150s][info][gc,task      ] GC(1) Using 3 workers of 3 for marking
[0.151s][info][gc,phases    ] GC(2)   Pre Evacuate Collection Set: 0.6ms
[0.151s][info][gc,phases    ] GC(2)   Evacuate Collection Set: 0.8ms
[0.151s][info][gc,phases    ] GC(2)   Post Evacuate Collection Set: 0.1ms
[0.151s][info][gc,phases    ] GC(2)   Other: 0.1ms
[0.151s][info][gc,heap      ] GC(2) Eden regions: 1->0(5)
[0.151s][info][gc,heap      ] GC(2) Survivor regions: 1->0(1)
[0.151s][info][gc,heap      ] GC(2) Old regions: 5->6
[0.151s][info][gc,heap      ] GC(2) Humongous regions: 2->2
[0.151s][info][gc,metaspace ] GC(2) Metaspace: 6204K(6528K)->6204K(6528K) NonClass: 5667K(5888K)->5667K(5888K) Class: 537K(640K)->537K(640K)
[0.151s][info][gc           ] GC(2) Pause Young (Normal) (G1 Humongous Allocation) 8M->7M(10M) 1.107ms
[0.151s][info][gc,cpu       ] GC(2) User=0.00s Sys=0.00s Real=0.00s
[0.152s][info][gc,task      ] GC(3) Using 1 workers of 10 for full compaction
[0.152s][info][gc,start     ] GC(3) Pause Full (G1 Humongous Allocation)
[0.152s][info][gc,phases,start] GC(3) Phase 1: Mark live objects
[0.153s][info][gc,stringtable ] GC(3) Cleaned string and symbol table, strings: 2599 processed, 12 removed, symbols: 25983 processed, 0 removed
[0.153s][info][gc,phases      ] GC(3) Phase 1: Mark live objects 1.766ms
[0.153s][info][gc,phases,start] GC(3) Phase 2: Prepare for compaction
[0.154s][info][gc,phases      ] GC(3) Phase 2: Prepare for compaction 0.417ms
[0.154s][info][gc,phases,start] GC(3) Phase 3: Adjust pointers
[0.155s][info][gc,phases      ] GC(3) Phase 3: Adjust pointers 0.838ms
[0.155s][info][gc,phases,start] GC(3) Phase 4: Compact heap
[0.156s][info][gc,phases      ] GC(3) Phase 4: Compact heap 1.226ms
[0.156s][info][gc,heap        ] GC(3) Eden regions: 0->0(5)
[0.156s][info][gc,heap        ] GC(3) Survivor regions: 0->0(1)
[0.156s][info][gc,heap        ] GC(3) Old regions: 6->4
[0.156s][info][gc,heap        ] GC(3) Humongous regions: 2->2
[0.156s][info][gc,metaspace   ] GC(3) Metaspace: 6204K(6528K)->6204K(6528K) NonClass: 5667K(5888K)->5667K(5888K) Class: 537K(640K)->537K(640K)
[0.156s][info][gc             ] GC(3) Pause Full (G1 Humongous Allocation) 7M->5M(10M) 4.712ms
[0.156s][info][gc,cpu         ] GC(3) User=0.00s Sys=0.00s Real=0.00s
[0.157s][info][gc,start       ] GC(4) Pause Young (Normal) (G1 Humongous Allocation)
[0.157s][info][gc,task        ] GC(4) Using 2 workers of 10 for evacuation
[0.157s][info][gc,phases      ] GC(4)   Pre Evacuate Collection Set: 0.0ms
[0.157s][info][gc,phases      ] GC(4)   Evacuate Collection Set: 0.1ms
[0.157s][info][gc,phases      ] GC(4)   Post Evacuate Collection Set: 0.1ms
[0.157s][info][gc,phases      ] GC(4)   Other: 0.1ms
[0.157s][info][gc,heap        ] GC(4) Eden regions: 0->0(5)
[0.157s][info][gc,heap        ] GC(4) Survivor regions: 0->0(1)
[0.157s][info][gc,heap        ] GC(4) Old regions: 4->4
[0.157s][info][gc,heap        ] GC(4) Humongous regions: 4->2
[0.157s][info][gc,metaspace   ] GC(4) Metaspace: 6204K(6528K)->6204K(6528K) NonClass: 5667K(5888K)->5667K(5888K) Class: 537K(640K)->537K(640K)
[0.157s][info][gc             ] GC(4) Pause Young (Normal) (G1 Humongous Allocation) 7M->5M(10M) 0.355ms
[0.157s][info][gc,cpu         ] GC(4) User=0.00s Sys=0.00s Real=0.00s
[0.157s][info][gc,marking     ] GC(1) Concurrent Mark From Roots 6.657ms
[0.157s][info][gc,marking     ] GC(1) Concurrent Mark Abort
[0.157s][info][gc             ] GC(1) Concurrent Cycle 7.374ms
[0.158s][info][gc,heap,exit   ] Heap
[0.158s][info][gc,heap,exit   ]  garbage-first heap   total 10240K, used 8647K [0x00000000ff600000, 0x0000000100000000)
[0.158s][info][gc,heap,exit   ]   region size 1024K, 1 young (1024K), 0 survivors (0K)
[0.158s][info][gc,heap,exit   ]  Metaspace       used 6244K, capacity 6315K, committed 6528K, reserved 1056768K
[0.158s][info][gc,heap,exit   ]   class space    used 544K, capacity 570K, committed 640K, reserved 1048576K
